Archive member included to satisfy reference by file (symbol)

C:/ST/STM32CubeIDE_1.14.1/STM32CubeIDE/plugins/com.st.stm32cube.ide.mcu.externaltools.gnu-tools-for-stm32.11.3.rel1.win32_1.1.100.202309141235/tools/bin/../lib/gcc/arm-none-eabi/11.3.1/../../../../arm-none-eabi/lib/thumb/v7-m/nofp\libc_nano.a(libc_a-exit.o)
                              C:/ST/STM32CubeIDE_1.14.1/STM32CubeIDE/plugins/com.st.stm32cube.ide.mcu.externaltools.gnu-tools-for-stm32.11.3.rel1.win32_1.1.100.202309141235/tools/bin/../lib/gcc/arm-none-eabi/11.3.1/../../../../arm-none-eabi/lib/thumb/v7-m/nofp/crt0.o (exit)
C:/ST/STM32CubeIDE_1.14.1/STM32CubeIDE/plugins/com.st.stm32cube.ide.mcu.externaltools.gnu-tools-for-stm32.11.3.rel1.win32_1.1.100.202309141235/tools/bin/../lib/gcc/arm-none-eabi/11.3.1/../../../../arm-none-eabi/lib/thumb/v7-m/nofp\libc_nano.a(libc_a-malloc.o)
                              ./Middle_layer/mini_os/List/list.o (malloc)
C:/ST/STM32CubeIDE_1.14.1/STM32CubeIDE/plugins/com.st.stm32cube.ide.mcu.externaltools.gnu-tools-for-stm32.11.3.rel1.win32_1.1.100.202309141235/tools/bin/../lib/gcc/arm-none-eabi/11.3.1/../../../../arm-none-eabi/lib/thumb/v7-m/nofp\libc_nano.a(libc_a-mallocr.o)
                              C:/ST/STM32CubeIDE_1.14.1/STM32CubeIDE/plugins/com.st.stm32cube.ide.mcu.externaltools.gnu-tools-for-stm32.11.3.rel1.win32_1.1.100.202309141235/tools/bin/../lib/gcc/arm-none-eabi/11.3.1/../../../../arm-none-eabi/lib/thumb/v7-m/nofp\libc_nano.a(libc_a-malloc.o) (_malloc_r)
C:/ST/STM32CubeIDE_1.14.1/STM32CubeIDE/plugins/com.st.stm32cube.ide.mcu.externaltools.gnu-tools-for-stm32.11.3.rel1.win32_1.1.100.202309141235/tools/bin/../lib/gcc/arm-none-eabi/11.3.1/../../../../arm-none-eabi/lib/thumb/v7-m/nofp\libc_nano.a(libc_a-mlock.o)
                              C:/ST/STM32CubeIDE_1.14.1/STM32CubeIDE/plugins/com.st.stm32cube.ide.mcu.externaltools.gnu-tools-for-stm32.11.3.rel1.win32_1.1.100.202309141235/tools/bin/../lib/gcc/arm-none-eabi/11.3.1/../../../../arm-none-eabi/lib/thumb/v7-m/nofp\libc_nano.a(libc_a-mallocr.o) (__malloc_lock)
C:/ST/STM32CubeIDE_1.14.1/STM32CubeIDE/plugins/com.st.stm32cube.ide.mcu.externaltools.gnu-tools-for-stm32.11.3.rel1.win32_1.1.100.202309141235/tools/bin/../lib/gcc/arm-none-eabi/11.3.1/../../../../arm-none-eabi/lib/thumb/v7-m/nofp\libc_nano.a(libc_a-findfp.o)
                              C:/ST/STM32CubeIDE_1.14.1/STM32CubeIDE/plugins/com.st.stm32cube.ide.mcu.externaltools.gnu-tools-for-stm32.11.3.rel1.win32_1.1.100.202309141235/tools/bin/../lib/gcc/arm-none-eabi/11.3.1/../../../../arm-none-eabi/lib/thumb/v7-m/nofp\libc_nano.a(libc_a-exit.o) (__stdio_exit_handler)
C:/ST/STM32CubeIDE_1.14.1/STM32CubeIDE/plugins/com.st.stm32cube.ide.mcu.externaltools.gnu-tools-for-stm32.11.3.rel1.win32_1.1.100.202309141235/tools/bin/../lib/gcc/arm-none-eabi/11.3.1/../../../../arm-none-eabi/lib/thumb/v7-m/nofp\libc_nano.a(libc_a-fwalk.o)
                              C:/ST/STM32CubeIDE_1.14.1/STM32CubeIDE/plugins/com.st.stm32cube.ide.mcu.externaltools.gnu-tools-for-stm32.11.3.rel1.win32_1.1.100.202309141235/tools/bin/../lib/gcc/arm-none-eabi/11.3.1/../../../../arm-none-eabi/lib/thumb/v7-m/nofp\libc_nano.a(libc_a-findfp.o) (_fwalk_sglue)
C:/ST/STM32CubeIDE_1.14.1/STM32CubeIDE/plugins/com.st.stm32cube.ide.mcu.externaltools.gnu-tools-for-stm32.11.3.rel1.win32_1.1.100.202309141235/tools/bin/../lib/gcc/arm-none-eabi/11.3.1/../../../../arm-none-eabi/lib/thumb/v7-m/nofp\libc_nano.a(libc_a-stdio.o)
                              C:/ST/STM32CubeIDE_1.14.1/STM32CubeIDE/plugins/com.st.stm32cube.ide.mcu.externaltools.gnu-tools-for-stm32.11.3.rel1.win32_1.1.100.202309141235/tools/bin/../lib/gcc/arm-none-eabi/11.3.1/../../../../arm-none-eabi/lib/thumb/v7-m/nofp\libc_nano.a(libc_a-findfp.o) (__sread)
C:/ST/STM32CubeIDE_1.14.1/STM32CubeIDE/plugins/com.st.stm32cube.ide.mcu.externaltools.gnu-tools-for-stm32.11.3.rel1.win32_1.1.100.202309141235/tools/bin/../lib/gcc/arm-none-eabi/11.3.1/../../../../arm-none-eabi/lib/thumb/v7-m/nofp\libc_nano.a(libc_a-memset.o)
                              C:/ST/STM32CubeIDE_1.14.1/STM32CubeIDE/plugins/com.st.stm32cube.ide.mcu.externaltools.gnu-tools-for-stm32.11.3.rel1.win32_1.1.100.202309141235/tools/bin/../lib/gcc/arm-none-eabi/11.3.1/../../../../arm-none-eabi/lib/thumb/v7-m/nofp/crt0.o (memset)
C:/ST/STM32CubeIDE_1.14.1/STM32CubeIDE/plugins/com.st.stm32cube.ide.mcu.externaltools.gnu-tools-for-stm32.11.3.rel1.win32_1.1.100.202309141235/tools/bin/../lib/gcc/arm-none-eabi/11.3.1/../../../../arm-none-eabi/lib/thumb/v7-m/nofp\libc_nano.a(libc_a-closer.o)
                              C:/ST/STM32CubeIDE_1.14.1/STM32CubeIDE/plugins/com.st.stm32cube.ide.mcu.externaltools.gnu-tools-for-stm32.11.3.rel1.win32_1.1.100.202309141235/tools/bin/../lib/gcc/arm-none-eabi/11.3.1/../../../../arm-none-eabi/lib/thumb/v7-m/nofp\libc_nano.a(libc_a-stdio.o) (_close_r)
[...]
Memory Configuration

Name             Origin             Length             Attributes
RAM              0x0000000020000000 0x0000000000005000 xrw
FLASH            0x0000000008000000 0x0000000000010000 xr
*default*        0x0000000000000000 0xffffffffffffffff

Linker script and memory map

LOAD C:/ST/STM32CubeIDE_1.14.1/STM32CubeIDE/plugins/com.st.stm32cube.ide.mcu.externaltools.gnu-tools-for-stm32.11.3.rel1.win32_1.1.100.202309141235/tools/bin/../lib/gcc/arm-none-eabi/11.3.1/thumb/v7-m/nofp/crti.o
LOAD C:/ST/STM32CubeIDE_1.14.1/STM32CubeIDE/plugins/com.st.stm32cube.ide.mcu.externaltools.gnu-tools-for-stm32.11.3.rel1.win32_1.1.100.202309141235/tools/bin/../lib/gcc/arm-none-eabi/11.3.1/thumb/v7-m/nofp/crtbegin.o
LOAD C:/ST/STM32CubeIDE_1.14.1/STM32CubeIDE/plugins/com.st.stm32cube.ide.mcu.externaltools.gnu-tools-for-stm32.11.3.rel1.win32_1.1.100.202309141235/tools/bin/../lib/gcc/arm-none-eabi/11.3.1/../../../../arm-none-eabi/lib/thumb/v7-m/nofp/crt0.o
LOAD ./App/mainApp.o
LOAD ./Core/Src/main.o
LOAD ./Core/Src/stm32f1xx_hal_msp.o
LOAD ./Core/Src/stm32f1xx_it.o
LOAD ./Core/Src/syscalls.o
LOAD ./Core/Src/sysmem.o
LOAD ./Core/Src/system_stm32f1xx.o
LOAD ./Core/Startup/startup_stm32f103c8tx.o
LOAD ./Drivers/STM32F1xx_HAL_Driver/Src/stm32f1xx_hal.o
LOAD ./Drivers/STM32F1xx_HAL_Driver/Src/stm32f1xx_hal_cortex.o
LOAD ./Drivers/STM32F1xx_HAL_Driver/Src/stm32f1xx_hal_dma.o
LOAD ./Drivers/STM32F1xx_HAL_Driver/Src/stm32f1xx_hal_exti.o
LOAD ./Drivers/STM32F1xx_HAL_Driver/Src/stm32f1xx_hal_flash.o
LOAD ./Drivers/STM32F1xx_HAL_Driver/Src/stm32f1xx_hal_flash_ex.o
LOAD ./Drivers/STM32F1xx_HAL_Driver/Src/stm32f1xx_hal_gpio.o
LOAD ./Drivers/STM32F1xx_HAL_Driver/Src/stm32f1xx_hal_gpio_ex.o
LOAD ./Drivers/STM32F1xx_HAL_Driver/Src/stm32f1xx_hal_pwr.o
LOAD ./Drivers/STM32F1xx_HAL_Driver/Src/stm32f1xx_hal_rcc.o
LOAD ./Drivers/STM32F1xx_HAL_Driver/Src/stm32f1xx_hal_rcc_ex.o
LOAD ./Drivers/STM32F1xx_HAL_Driver/Src/stm32f1xx_hal_tim.o
LOAD ./Drivers/STM32F1xx_HAL_Driver/Src/stm32f1xx_hal_tim_ex.o
LOAD ./Middle_layer/mini_os/List/list.o
LOAD ./Middle_layer/mini_os/src/minnOs_task.o
LOAD ./Middle_layer/mini_os/src/mutex.o
LOAD ./Middle_layer/mini_os/src/semaphore.o
START GROUP
LOAD C:/ST/STM32CubeIDE_1.14.1/STM32CubeIDE/plugins/com.st.stm32cube.ide.mcu.externaltools.gnu-tools-for-stm32.11.3.rel1.win32_1.1.100.202309141235/tools/bin/../lib/gcc/arm-none-eabi/11.3.1/../../../../arm-none-eabi/lib/thumb/v7-m/nofp\libc_nano.a
LOAD C:/ST/STM32CubeIDE_1.14.1/STM32CubeIDE/plugins/com.st.stm32cube.ide.mcu.externaltools.gnu-tools-for-stm32.11.3.rel1.win32_1.1.100.202309141235/tools/bin/../lib/gcc/arm-none-eabi/11.3.1/../../../../arm-none-eabi/lib/thumb/v7-m/nofp\libm.a
END GROUP
START GROUP
LOAD C:/ST/STM32CubeIDE_1.14.1/STM32CubeIDE/plugins/com.st.stm32cube.ide.mcu.externaltools.gnu-tools-for-stm32.11.3.rel1.win32_1.1.100.202309141235/tools/bin/../lib/gcc/arm-none-eabi/11.3.1/thumb/v7-m/nofp\libgcc.a
LOAD C:/ST/STM32CubeIDE_1.14.1/STM32CubeIDE/plugins/com.st.stm32cube.ide.mcu.externaltools.gnu-tools-for-stm32.11.3.rel1.win32_1.1.100.202309141235/tools/bin/../lib/gcc/arm-none-eabi/11.3.1/../../../../arm-none-eabi/lib/thumb/v7-m/nofp\libc_nano.a
END GROUP
START GROUP
LOAD C:/ST/STM32CubeIDE_1.14.1/STM32CubeIDE/plugins/com.st.stm32cube.ide.mcu.externaltools.gnu-tools-for-stm32.11.3.rel1.win32_1.1.100.202309141235/tools/bin/../lib/gcc/arm-none-eabi/11.3.1/thumb/v7-m/nofp\libgcc.a
LOAD C:/ST/STM32CubeIDE_1.14.1/STM32CubeIDE/plugins/com.st.stm32cube.ide.mcu.externaltools.gnu-tools-for-stm32.11.3.rel1.win32_1.1.100.202309141235/tools/bin/../lib/gcc/arm-none-eabi/11.3.1/../../../../arm-none-eabi/lib/thumb/v7-m/nofp\libc_nano.a
LOAD C:/ST/STM32CubeIDE_1.14.1/STM32CubeIDE/plugins/com.st.stm32cube.ide.mcu.externaltools.gnu-tools-for-stm32.11.3.rel1.win32_1.1.100.202309141235/tools/bin/../lib/gcc/arm-none-eabi/11.3.1/../../../../arm-none-eabi/lib/thumb/v7-m/nofp\libnosys.a
END GROUP
START GROUP
LOAD C:/ST/STM32CubeIDE_1.14.1/STM32CubeIDE/plugins/com.st.stm32cube.ide.mcu.externaltools.gnu-tools-for-stm32.11.3.rel1.win32_1.1.100.202309141235/tools/bin/../lib/gcc/arm-none-eabi/11.3.1/thumb/v7-m/nofp\libgcc.a
LOAD C:/ST/STM32CubeIDE_1.14.1/STM32CubeIDE/plugins/com.st.stm32cube.ide.mcu.externaltools.gnu-tools-for-stm32.11.3.rel1.win32_1.1.100.202309141235/tools/bin/../lib/gcc/arm-none-eabi/11.3.1/../../../../arm-none-eabi/lib/thumb/v7-m/nofp\libc_nano.a
LOAD C:/ST/STM32CubeIDE_1.14.1/STM32CubeIDE/plugins/com.st.stm32cube.ide.mcu.externaltools.gnu-tools-for-stm32.11.3.rel1.win32_1.1.100.202309141235/tools/bin/../lib/gcc/arm-none-eabi/11.3.1/../../../../arm-none-eabi/lib/thumb/v7-m/nofp\libnosys.a
END GROUP
LOAD C:/ST/STM32CubeIDE_1.14.1/STM32CubeIDE/plugins/com.st.stm32cube.ide.mcu.externaltools.gnu-tools-for-stm32.11.3.rel1.win32_1.1.100.202309141235/tools/bin/../lib/gcc/arm-none-eabi/11.3.1/thumb/v7-m/nofp/crtend.o
LOAD C:/ST/STM32CubeIDE_1.14.1/STM32CubeIDE/plugins/com.st.stm32cube.ide.mcu.externaltools.gnu-tools-for-stm32.11.3.rel1.win32_1.1.100.202309141235/tools/bin/../lib/gcc/arm-none-eabi/11.3.1/thumb/v7-m/nofp/crtn.o
                0x0000000020005000                _estack = (ORIGIN (RAM) + LENGTH (RAM))
                0x0000000000000200                _Min_Heap_Size = 0x200
                0x0000000000000400                _Min_Stack_Size = 0x400

.isr_vector     0x0000000008000000      0x10c
                0x0000000008000000                . = ALIGN (0x4)
 *(.isr_vector)
 .isr_vector    0x0000000008000000      0x10c ./Core/Startup/startup_stm32f103c8tx.o
                0x0000000008000000                g_pfnVectors
                0x000000000800010c                . = ALIGN (0x4)

.text           0x000000000800010c     0x1d20
                0x000000000800010c                . = ALIGN (0x4)
 *(.text)
 .text          0x000000000800010c       0x40 C:/ST/STM32CubeIDE_1.14.1/STM32CubeIDE/plugins/com.st.stm32cube.ide.mcu.externaltools.gnu-tools-for-stm32.11.3.rel1.win32_1.1.100.202309141235/tools/bin/../lib/gcc/arm-none-eabi/11.3.1/thumb/v7-m/nofp/crtbegin.o
 *(.text*)
 .text.taskFunction1
                0x000000000800014c       0x5c ./App/mainApp.o
                0x000000000800014c                taskFunction1
 .text.taskFunction2
                0x00000000080001a8       0x50 ./App/mainApp.o
                0x00000000080001a8                taskFunction2
 .text.taskFunction3
                0x00000000080001f8       0x50 ./App/mainApp.o
                0x00000000080001f8                taskFunction3
 .text.taskFunction4
                0x0000000008000248       0x2c ./App/mainApp.o
                0x0000000008000248                taskFunction4
 .text.taskFunction5
                0x0000000008000274       0x2c ./App/mainApp.o
                0x0000000008000274                taskFunction5
 .text.mainApp  0x00000000080002a0       0xa4 ./App/mainApp.o
                0x00000000080002a0                mainApp
 .text.main     0x0000000008000344       0x1a ./Core/Src/main.o
                0x0000000008000344                main
 .text.SystemClock_Config
                0x000000000800035e       0x76 ./Core/Src/main.o
                0x000000000800035e                SystemClock_Config
 .text.MX_DMA_Init
                0x00000000080003d4       0x74 ./Core/Src/main.o
 .text.MX_GPIO_Init
                0x0000000008000448       0x2c ./Core/Src/main.o
 .text.Error_Handler
                0x0000000008000474        0xa ./Core/Src/main.o
                0x0000000008000474                Error_Handler
 *fill*         0x000000000800047e        0x2 
 .text.HAL_MspInit
                0x0000000008000480       0x64 ./Core/Src/stm32f1xx_hal_msp.o
                0x0000000008000480                HAL_MspInit
 .text.NMI_Handler
                0x00000000080004e4        0x6 ./Core/Src/stm32f1xx_it.o
                0x00000000080004e4                NMI_Handler
 .text.HardFault_Handler
                0x00000000080004ea        0x6 ./Core/Src/stm32f1xx_it.o
                0x00000000080004ea                HardFault_Handler
 .text.MemManage_Handler
                0x00000000080004f0        0x6 ./Core/Src/stm32f1xx_it.o
                0x00000000080004f0                MemManage_Handler
 .text.BusFault_Handler
                0x00000000080004f6        0x6 ./Core/Src/stm32f1xx_it.o
                0x00000000080004f6                BusFault_Handler
 .text.UsageFault_Handler
                0x00000000080004fc        0x6 ./Core/Src/stm32f1xx_it.o
                0x00000000080004fc                UsageFault_Handler
 .text.SVC_Handler
                0x0000000008000502        0xc ./Core/Src/stm32f1xx_it.o
                0x0000000008000502                SVC_Handler
 .text.DebugMon_Handler
                0x000000000800050e        0xc ./Core/Src/stm32f1xx_it.o
                0x000000000800050e                DebugMon_Handler
 *fill*         0x000000000800051a        0x2 
 .text._sbrk    0x000000000800051c       0x6c ./Core/Src/sysmem.o
                0x000000000800051c                _sbrk
 .text.SystemInit
                0x0000000008000588        0xc ./Core/Src/system_stm32f1xx.o
                0x0000000008000588                SystemInit
 .text.Reset_Handler
                0x0000000008000594       0x48 ./Core/Startup/startup_stm32f103c8tx.o
                0x0000000008000594                Reset_Handler
 .text.Default_Handler
                0x00000000080005dc        0x2 ./Core/Startup/startup_stm32f103c8tx.o
                0x00000000080005dc                RTC_Alarm_IRQHandler
                0x00000000080005dc                EXTI2_IRQHandler
                0x00000000080005dc                TIM1_CC_IRQHandler
                0x00000000080005dc                PVD_IRQHandler
                0x00000000080005dc                EXTI3_IRQHandler
                0x00000000080005dc                EXTI0_IRQHandler
                0x00000000080005dc                I2C2_EV_IRQHandler
                0x00000000080005dc                ADC1_2_IRQHandler
                0x00000000080005dc                SPI1_IRQHandler
                0x00000000080005dc                TAMPER_IRQHandler
                0x00000000080005dc                DMA1_Channel4_IRQHandler
                0x00000000080005dc                USART3_IRQHandler
                0x00000000080005dc                RTC_IRQHandler
                0x00000000080005dc                DMA1_Channel7_IRQHandler
                0x00000000080005dc                CAN1_RX1_IRQHandler
                0x00000000080005dc                TIM4_IRQHandler
                0x00000000080005dc                I2C1_EV_IRQHandler
                0x00000000080005dc                DMA1_Channel6_IRQHandler
                0x00000000080005dc                TIM3_IRQHandler
                0x00000000080005dc                RCC_IRQHandler
                0x00000000080005dc                TIM1_TRG_COM_IRQHandler
                0x00000000080005dc                DMA1_Channel1_IRQHandler
                0x00000000080005dc                Default_Handler
                0x00000000080005dc                EXTI15_10_IRQHandler
                0x00000000080005dc                EXTI9_5_IRQHandler
                0x00000000080005dc                SPI2_IRQHandler
                0x00000000080005dc                DMA1_Channel5_IRQHandler
                0x00000000080005dc                EXTI4_IRQHandler
                0x00000000080005dc                USB_LP_CAN1_RX0_IRQHandler
                0x00000000080005dc                USB_HP_CAN1_TX_IRQHandler
                0x00000000080005dc                DMA1_Channel3_IRQHandler
                0x00000000080005dc                TIM1_UP_IRQHandler
                0x00000000080005dc                WWDG_IRQHandler
                0x00000000080005dc                TIM2_IRQHandler
                0x00000000080005dc                TIM1_BRK_IRQHandler
                0x00000000080005dc                EXTI1_IRQHandler
                0x00000000080005dc                USART2_IRQHandler
                0x00000000080005dc                I2C2_ER_IRQHandler
                0x00000000080005dc                DMA1_Channel2_IRQHandler
                0x00000000080005dc                CAN1_SCE_IRQHandler
                0x00000000080005dc                FLASH_IRQHandler
                0x00000000080005dc                USART1_IRQHandler
                0x00000000080005dc                I2C1_ER_IRQHandler
                0x00000000080005dc                USBWakeUp_IRQHandler
 *fill*         0x00000000080005de        0x2 
 .text.HAL_Init
                0x00000000080005e0       0x2c ./Drivers/STM32F1xx_HAL_Driver/Src/stm32f1xx_hal.o
                0x00000000080005e0                HAL_Init
 .text.HAL_InitTick
                0x000000000800060c       0x60 ./Drivers/STM32F1xx_HAL_Driver/Src/stm32f1xx_hal.o
                0x000000000800060c                HAL_InitTick
 .text.HAL_GetTick
                0x000000000800066c       0x14 ./Drivers/STM32F1xx_HAL_Driver/Src/stm32f1xx_hal.o
                0x000000000800066c                HAL_GetTick
 .text.__NVIC_SetPriorityGrouping
                0x0000000008000680       0x48 ./Drivers/STM32F1xx_HAL_Driver/Src/stm32f1xx_hal_cortex.o
 .text.__NVIC_GetPriorityGrouping
                0x00000000080006c8       0x1c ./Drivers/STM32F1xx_HAL_Driver/Src/stm32f1xx_hal_cortex.o
 .text.__NVIC_SetPriority
                0x00000000080006e4       0x54 ./Drivers/STM32F1xx_HAL_Driver/Src/stm32f1xx_hal_cortex.o
 .text.NVIC_EncodePriority
                0x0000000008000738       0x64 ./Drivers/STM32F1xx_HAL_Driver/Src/stm32f1xx_hal_cortex.o
 .text.SysTick_Config
                0x000000000800079c       0x44 ./Drivers/STM32F1xx_HAL_Driver/Src/stm32f1xx_hal_cortex.o
 .text.HAL_NVIC_SetPriorityGrouping
                0x00000000080007e0       0x16 ./Drivers/STM32F1xx_HAL_Driver/Src/stm32f1xx_hal_cortex.o
                0x00000000080007e0                HAL_NVIC_SetPriorityGrouping
 .text.HAL_NVIC_SetPriority
                0x00000000080007f6       0x38 ./Drivers/STM32F1xx_HAL_Driver/Src/stm32f1xx_hal_cortex.o
                0x00000000080007f6                HAL_NVIC_SetPriority
 .text.HAL_SYSTICK_Config
                0x000000000800082e       0x18 ./Drivers/STM32F1xx_HAL_Driver/Src/stm32f1xx_hal_cortex.o
                0x000000000800082e                HAL_SYSTICK_Config
 *fill*         0x0000000008000846        0x2 
 .text.HAL_DMA_Init
                0x0000000008000848       0xb4 ./Drivers/STM32F1xx_HAL_Driver/Src/stm32f1xx_hal_dma.o
                0x0000000008000848                HAL_DMA_Init
 .text.HAL_RCC_OscConfig
                0x00000000080008fc      0x504 ./Drivers/STM32F1xx_HAL_Driver/Src/stm32f1xx_hal_rcc.o
                0x00000000080008fc                HAL_RCC_OscConfig
 .text.HAL_RCC_ClockConfig
                0x0000000008000e00      0x1d4 ./Drivers/STM32F1xx_HAL_Driver/Src/stm32f1xx_hal_rcc.o
                0x0000000008000e00                HAL_RCC_ClockConfig
 .text.HAL_RCC_GetSysClockFreq
                0x0000000008000fd4       0xa8 ./Drivers/STM32F1xx_HAL_Driver/Src/stm32f1xx_hal_rcc.o
                0x0000000008000fd4                HAL_RCC_GetSysClockFreq
 .text.RCC_Delay
                0x000000000800107c       0x3c ./Drivers/STM32F1xx_HAL_Driver/Src/stm32f1xx_hal_rcc.o
 .text.newMList
                0x00000000080010b8       0x26 ./Middle_layer/mini_os/List/list.o
                0x00000000080010b8                newMList
 .text.newLists
                0x00000000080010de       0x2a ./Middle_layer/mini_os/List/list.o
                0x00000000080010de                newLists
 .text.List_AddObj
                0x0000000008001108       0xec ./Middle_layer/mini_os/List/list.o
                0x0000000008001108                List_AddObj
 .text.List_GetObj
                0x00000000080011f4      0x118 ./Middle_layer/mini_os/List/list.o
                0x00000000080011f4                List_GetObj
 .text.List_PtrObj
                0x000000000800130c       0x62 ./Middle_layer/mini_os/List/list.o
                0x000000000800130c                List_PtrObj
 .text.List_deleteObj
                0x000000000800136e       0x84 ./Middle_layer/mini_os/List/list.o
                0x000000000800136e                List_deleteObj
 *fill*         0x00000000080013f2        0x2 
 .text.switchToPSP
                0x00000000080013f4       0x1c ./Middle_layer/mini_os/src/minnOs_task.o
                0x00000000080013f4                switchToPSP
 .text.Init_os  0x0000000008001410       0x5c ./Middle_layer/mini_os/src/minnOs_task.o
                0x0000000008001410                Init_os
 .text.task_create
                0x000000000800146c      0x1f4 ./Middle_layer/mini_os/src/minnOs_task.o
                0x000000000800146c                task_create
 .text.saveContext
                0x0000000008001660       0x14 ./Middle_layer/mini_os/src/minnOs_task.o
                0x0000000008001660                saveContext
 .text.ContextSwitch
                0x0000000008001674       0x28 ./Middle_layer/mini_os/src/minnOs_task.o
                0x0000000008001674                ContextSwitch
 .text.switch_task
                0x000000000800169c       0x1c ./Middle_layer/mini_os/src/minnOs_task.o
                0x000000000800169c                switch_task
 .text.Task_handle
                0x00000000080016b8      0x14c ./Middle_layer/mini_os/src/minnOs_task.o
                0x00000000080016b8                Task_handle
 .text.DOS_GetTaskRunnung
                0x0000000008001804       0x14 ./Middle_layer/mini_os/src/minnOs_task.o
                0x0000000008001804                DOS_GetTaskRunnung
 .text.DOS_start_kernel
                0x0000000008001818       0x1c ./Middle_layer/mini_os/src/minnOs_task.o
                0x0000000008001818                DOS_start_kernel
 .text.DOS_stop_kernel
                0x0000000008001834       0x1c ./Middle_layer/mini_os/src/minnOs_task.o
                0x0000000008001834                DOS_stop_kernel
 .text.DOS_TaskSuspend
                0x0000000008001850       0xa0 ./Middle_layer/mini_os/src/minnOs_task.o
                0x0000000008001850                DOS_TaskSuspend
 .text.DOS_TaskResume
                0x00000000080018f0       0x3c ./Middle_layer/mini_os/src/minnOs_task.o
                0x00000000080018f0                DOS_TaskResume
 .text.DOS_StoreTask
                0x000000000800192c       0xd4 ./Middle_layer/mini_os/src/minnOs_task.o
                0x000000000800192c                DOS_StoreTask
 .text.task_sleep
                0x0000000008001a00       0x7c ./Middle_layer/mini_os/src/minnOs_task.o
                0x0000000008001a00                task_sleep
 .text.MiniOS_TaskIdle
                0x0000000008001a7c        0x8 ./Middle_layer/mini_os/src/minnOs_task.o
                0x0000000008001a7c                MiniOS_TaskIdle
 .text.SysTick_Handler
                0x0000000008001a84       0x10 ./Middle_layer/mini_os/src/minnOs_task.o
                0x0000000008001a84                SysTick_Handler
 .text.PendSV_Handler
                0x0000000008001a94       0x20 ./Middle_layer/mini_os/src/minnOs_task.o
                0x0000000008001a94                PendSV_Handler
 .text.Mutex_create
                0x0000000008001ab4       0x30 ./Middle_layer/mini_os/src/mutex.o
                0x0000000008001ab4                Mutex_create
 .text.Mutex_Take
                0x0000000008001ae4       0x4c ./Middle_layer/mini_os/src/mutex.o
                0x0000000008001ae4                Mutex_Take
 .text.Mutex_Give
                0x0000000008001b30       0x52 ./Middle_layer/mini_os/src/mutex.o
                0x0000000008001b30                Mutex_Give
 *fill*         0x0000000008001b82        0x2 
 .text.malloc   0x0000000008001b84       0x10 C:/ST/STM32CubeIDE_1.14.1/STM32CubeIDE/plugins/com.st.stm32cube.ide.mcu.externaltools.gnu-tools-for-stm32.11.3.rel1.win32_1.1.100.202309141235/tools/bin/../lib/gcc/arm-none-eabi/11.3.1/../../../../arm-none-eabi/lib/thumb/v7-m/nofp\libc_nano.a(libc_a-malloc.o)
                0x0000000008001b84                malloc
 .text.free     0x0000000008001b94       0x10 C:/ST/STM32CubeIDE_1.14.1/STM32CubeIDE/plugins/com.st.stm32cube.ide.mcu.externaltools.gnu-tools-for-stm32.11.3.rel1.win32_1.1.100.202309141235/tools/bin/../lib/gcc/arm-none-eabi/11.3.1/../../../../arm-none-eabi/lib/thumb/v7-m/nofp\libc_nano.a(libc_a-malloc.o)
                0x0000000008001b94                free
 .text.sbrk_aligned
                0x0000000008001ba4       0x40 C:/ST/STM32CubeIDE_1.14.1/STM32CubeIDE/plugins/com.st.stm32cube.ide.mcu.externaltools.gnu-tools-for-stm32.11.3.rel1.win32_1.1.100.202309141235/tools/bin/../lib/gcc/arm-none-eabi/11.3.1/../../../../arm-none-eabi/lib/thumb/v7-m/nofp\libc_nano.a(libc_a-mallocr.o)
 .text._malloc_r
                0x0000000008001be4      0x100 C:/ST/STM32CubeIDE_1.14.1/STM32CubeIDE/plugins/com.st.stm32cube.ide.mcu.externaltools.gnu-tools-for-stm32.11.3.rel1.win32_1.1.100.202309141235/tools/bin/../lib/gcc/arm-none-eabi/11.3.1/../../../../arm-none-eabi/lib/thumb/v7-m/nofp\libc_nano.a(libc_a-mallocr.o)
                0x0000000008001be4                _malloc_r
 .text.__malloc_lock
                0x0000000008001ce4        0xc C:/ST/STM32CubeIDE_1.14.1/STM32CubeIDE/plugins/com.st.stm32cube.ide.mcu.externaltools.gnu-tools-for-stm32.11.3.rel1.win32_1.1.100.202309141235/tools/bin/../lib/gcc/arm-none-eabi/11.3.1/../../../../arm-none-eabi/lib/thumb/v7-m/nofp\libc_nano.a(libc_a-mlock.o)
                0x0000000008001ce4                __malloc_lock
 .text.__malloc_unlock
                0x0000000008001cf0        0xc C:/ST/STM32CubeIDE_1.14.1/STM32CubeIDE/plugins/com.st.stm32cube.ide.mcu.externaltools.gnu-tools-for-stm32.11.3.rel1.win32_1.1.100.202309141235/tools/bin/../lib/gcc/arm-none-eabi/11.3.1/../../../../arm-none-eabi/lib/thumb/v7-m/nofp\libc_nano.a(libc_a-mlock.o)
                0x0000000008001cf0                __malloc_unlock
 .text.memset   0x0000000008001cfc       0x10 C:/ST/STM32CubeIDE_1.14.1/STM32CubeIDE/plugins/com.st.stm32cube.ide.mcu.externaltools.gnu-tools-for-stm32.11.3.rel1.win32_1.1.100.202309141235/tools/bin/../lib/gcc/arm-none-eabi/11.3.1/../../../../arm-none-eabi/lib/thumb/v7-m/nofp\libc_nano.a(libc_a-memset.o)
                0x0000000008001cfc                memset
 .text._sbrk_r  0x0000000008001d0c       0x20 C:/ST/STM32CubeIDE_1.14.1/STM32CubeIDE/plugins/com.st.stm32cube.ide.mcu.externaltools.gnu-tools-for-stm32.11.3.rel1.win32_1.1.100.202309141235/tools/bin/../lib/gcc/arm-none-eabi/11.3.1/../../../../arm-none-eabi/lib/thumb/v7-m/nofp\libc_nano.a(libc_a-sbrkr.o)
                0x0000000008001d0c                _sbrk_r
 .text.__errno  0x0000000008001d2c        0xc C:/ST/STM32CubeIDE_1.14.1/STM32CubeIDE/plugins/com.st.stm32cube.ide.mcu.externaltools.gnu-tools-for-stm32.11.3.rel1.win32_1.1.100.202309141235/tools/bin/../lib/gcc/arm-none-eabi/11.3.1/../../../../arm-none-eabi/lib/thumb/v7-m/nofp\libc_nano.a(libc_a-errno.o)
                0x0000000008001d2c                __errno
 .text.__libc_init_array
                0x0000000008001d38       0x48 C:/ST/STM32CubeIDE_1.14.1/STM32CubeIDE/plugins/com.st.stm32cube.ide.mcu.externaltools.gnu-tools-for-stm32.11.3.rel1.win32_1.1.100.202309141235/tools/bin/../lib/gcc/arm-none-eabi/11.3.1/../../../../arm-none-eabi/lib/thumb/v7-m/nofp\libc_nano.a(libc_a-init.o)
                0x0000000008001d38                __libc_init_array
 .text.__retarget_lock_acquire_recursive
                0x0000000008001d80        0x2 C:/ST/STM32CubeIDE_1.14.1/STM32CubeIDE/plugins/com.st.stm32cube.ide.mcu.externaltools.gnu-tools-for-stm32.11.3.rel1.win32_1.1.100.202309141235/tools/bin/../lib/gcc/arm-none-eabi/11.3.1/../../../../arm-none-eabi/lib/thumb/v7-m/nofp\libc_nano.a(libc_a-lock.o)
                0x0000000008001d80                __retarget_lock_acquire_recursive
 .text.__retarget_lock_release_recursive
                0x0000000008001d82        0x2 C:/ST/STM32CubeIDE_1.14.1/STM32CubeIDE/plugins/com.st.stm32cube.ide.mcu.externaltools.gnu-tools-for-stm32.11.3.rel1.win32_1.1.100.202309141235/tools/bin/../lib/gcc/arm-none-eabi/11.3.1/../../../../arm-none-eabi/lib/thumb/v7-m/nofp\libc_nano.a(libc_a-lock.o)
                0x0000000008001d82                __retarget_lock_release_recursive
 .text._free_r  0x0000000008001d84       0x90 C:/ST/STM32CubeIDE_1.14.1/STM32CubeIDE/plugins/com.st.stm32cube.ide.mcu.externaltools.gnu-tools-for-stm32.11.3.rel1.win32_1.1.100.202309141235/tools/bin/../lib/gcc/arm-none-eabi/11.3.1/../../../../arm-none-eabi/lib/thumb/v7-m/nofp\libc_nano.a(libc_a-freer.o)
                0x0000000008001d84                _free_r
 *(.glue_7)
 .glue_7        0x0000000008001e14        0x0 linker stubs
 *(.glue_7t)
 .glue_7t       0x0000000008001e14        0x0 linker stubs
 *(.eh_frame)
 .eh_frame      0x0000000008001e14        0x0 C:/ST/STM32CubeIDE_1.14.1/STM32CubeIDE/plugins/com.st.stm32cube.ide.mcu.externaltools.gnu-tools-for-stm32.11.3.rel1.win32_1.1.100.202309141235/tools/bin/../lib/gcc/arm-none-eabi/11.3.1/thumb/v7-m/nofp/crtbegin.o
 *(.init)
 .init          0x0000000008001e14        0x4 C:/ST/STM32CubeIDE_1.14.1/STM32CubeIDE/plugins/com.st.stm32cube.ide.mcu.externaltools.gnu-tools-for-stm32.11.3.rel1.win32_1.1.100.202309141235/tools/bin/../lib/gcc/arm-none-eabi/11.3.1/thumb/v7-m/nofp/crti.o
                0x0000000008001e14                _init
 .init          0x0000000008001e18        0x8 C:/ST/STM32CubeIDE_1.14.1/STM32CubeIDE/plugins/com.st.stm32cube.ide.mcu.externaltools.gnu-tools-for-stm32.11.3.rel1.win32_1.1.100.202309141235/tools/bin/../lib/gcc/arm-none-eabi/11.3.1/thumb/v7-m/nofp/crtn.o
 *(.fini)
 .fini          0x0000000008001e20        0x4 C:/ST/STM32CubeIDE_1.14.1/STM32CubeIDE/plugins/com.st.stm32cube.ide.mcu.externaltools.gnu-tools-for-stm32.11.3.rel1.win32_1.1.100.202309141235/tools/bin/../lib/gcc/arm-none-eabi/11.3.1/thumb/v7-m/nofp/crti.o
                0x0000000008001e20                _fini
 .fini          0x0000000008001e24        0x8 C:/ST/STM32CubeIDE_1.14.1/STM32CubeIDE/plugins/com.st.stm32cube.ide.mcu.externaltools.gnu-tools-for-stm32.11.3.rel1.win32_1.1.100.202309141235/tools/bin/../lib/gcc/arm-none-eabi/11.3.1/thumb/v7-m/nofp/crtn.o
                0x0000000008001e2c                . = ALIGN (0x4)
                0x0000000008001e2c                _etext = .

.vfp11_veneer   0x0000000008001e2c        0x0
 .vfp11_veneer  0x0000000008001e2c        0x0 linker stubs

.v4_bx          0x0000000008001e2c        0x0
 .v4_bx         0x0000000008001e2c        0x0 linker stubs

.iplt           0x0000000008001e2c        0x0
 .iplt          0x0000000008001e2c        0x0 C:/ST/STM32CubeIDE_1.14.1/STM32CubeIDE/plugins/com.st.stm32cube.ide.mcu.externaltools.gnu-tools-for-stm32.11.3.rel1.win32_1.1.100.202309141235/tools/bin/../lib/gcc/arm-none-eabi/11.3.1/thumb/v7-m/nofp/crtbegin.o

.rodata         0x0000000008001e2c       0x80
                0x0000000008001e2c                . = ALIGN (0x4)
 *(.rodata)
 .rodata        0x0000000008001e2c       0x4e ./App/mainApp.o
 *(.rodata*)
 *fill*         0x0000000008001e7a        0x2 
 .rodata.AHBPrescTable
                0x0000000008001e7c       0x10 ./Core/Src/system_stm32f1xx.o
                0x0000000008001e7c                AHBPrescTable
 .rodata.aPLLMULFactorTable.1
                0x0000000008001e8c       0x10 ./Drivers/STM32F1xx_HAL_Driver/Src/stm32f1xx_hal_rcc.o
 .rodata.aPredivFactorTable.0
                0x0000000008001e9c        0x2 ./Drivers/STM32F1xx_HAL_Driver/Src/stm32f1xx_hal_rcc.o
 *fill*         0x0000000008001e9e        0x2 
 .rodata.Init_os.str1.4
                0x0000000008001ea0        0xa ./Middle_layer/mini_os/src/minnOs_task.o
                0x0000000008001eac                . = ALIGN (0x4)
 *fill*         0x0000000008001eaa        0x2 

.rel.dyn        0x0000000008001eac        0x0
 .rel.iplt      0x0000000008001eac        0x0 C:/ST/STM32CubeIDE_1.14.1/STM32CubeIDE/plugins/com.st.stm32cube.ide.mcu.externaltools.gnu-tools-for-stm32.11.3.rel1.win32_1.1.100.202309141235/tools/bin/../lib/gcc/arm-none-eabi/11.3.1/thumb/v7-m/nofp/crtbegin.o

.ARM.extab      0x0000000008001eac        0x0
                0x0000000008001eac                . = ALIGN (0x4)
 *(.ARM.extab* .gnu.linkonce.armextab.*)
                0x0000000008001eac                . = ALIGN (0x4)

.ARM            0x0000000008001eac        0x0
                0x0000000008001eac                . = ALIGN (0x4)
                0x0000000008001eac                __exidx_start = .
 *(.ARM.exidx*)
                0x0000000008001eac                __exidx_end = .
                0x0000000008001eac                . = ALIGN (0x4)

.preinit_array  0x0000000008001eac        0x0
                0x0000000008001eac                . = ALIGN (0x4)
                0x0000000008001eac                PROVIDE (__preinit_array_start = .)
 *(.preinit_array*)
                0x0000000008001eac                PROVIDE (__preinit_array_end = .)
                0x0000000008001eac                . = ALIGN (0x4)

.init_array     0x0000000008001eac        0x4
                0x0000000008001eac                . = ALIGN (0x4)
                0x0000000008001eac                PROVIDE (__init_array_start = .)
 *(SORT_BY_NAME(.init_array.*))
 *(.init_array*)
 .init_array    0x0000000008001eac        0x4 C:/ST/STM32CubeIDE_1.14.1/STM32CubeIDE/plugins/com.st.stm32cube.ide.mcu.externaltools.gnu-tools-for-stm32.11.3.rel1.win32_1.1.100.202309141235/tools/bin/../lib/gcc/arm-none-eabi/11.3.1/thumb/v7-m/nofp/crtbegin.o
                0x0000000008001eb0                PROVIDE (__init_array_end = .)
                0x0000000008001eb0                . = ALIGN (0x4)

.fini_array     0x0000000008001eb0        0x4
                0x0000000008001eb0                . = ALIGN (0x4)
                [!provide]                        PROVIDE (__fini_array_start = .)
 *(SORT_BY_NAME(.fini_array.*))
 *(.fini_array*)
 .fini_array    0x0000000008001eb0        0x4 C:/ST/STM32CubeIDE_1.14.1/STM32CubeIDE/plugins/com.st.stm32cube.ide.mcu.externaltools.gnu-tools-for-stm32.11.3.rel1.win32_1.1.100.202309141235/tools/bin/../lib/gcc/arm-none-eabi/11.3.1/thumb/v7-m/nofp/crtbegin.o
                [!provide]                        PROVIDE (__fini_array_end = .)
                0x0000000008001eb4                . = ALIGN (0x4)
                0x0000000008001eb4                _sidata = LOADADDR (.data)

.data           0x0000000020000000       0x5c load address 0x0000000008001eb4
                0x0000000020000000                . = ALIGN (0x4)
                0x0000000020000000                _sdata = .
 *(.data)
 *(.data*)
 .data.SystemCoreClock
                0x0000000020000000        0x4 ./Core/Src/system_stm32f1xx.o
                0x0000000020000000                SystemCoreClock
 .data.uwTickPrio
                0x0000000020000004        0x4 ./Drivers/STM32F1xx_HAL_Driver/Src/stm32f1xx_hal.o
                0x0000000020000004                uwTickPrio
 .data.uwTickFreq
                0x0000000020000008        0x1 ./Drivers/STM32F1xx_HAL_Driver/Src/stm32f1xx_hal.o
                0x0000000020000008                uwTickFreq
 *fill*         0x0000000020000009        0x3 
 .data._impure_data
                0x000000002000000c       0x4c C:/ST/STM32CubeIDE_1.14.1/STM32CubeIDE/plugins/com.st.stm32cube.ide.mcu.externaltools.gnu-tools-for-stm32.11.3.rel1.win32_1.1.100.202309141235/tools/bin/../lib/gcc/arm-none-eabi/11.3.1/../../../../arm-none-eabi/lib/thumb/v7-m/nofp\libc_nano.a(libc_a-impure.o)
                0x000000002000000c                _impure_data
 .data._impure_ptr
                0x0000000020000058        0x4 C:/ST/STM32CubeIDE_1.14.1/STM32CubeIDE/plugins/com.st.stm32cube.ide.mcu.externaltools.gnu-tools-for-stm32.11.3.rel1.win32_1.1.100.202309141235/tools/bin/../lib/gcc/arm-none-eabi/11.3.1/../../../../arm-none-eabi/lib/thumb/v7-m/nofp\libc_nano.a(libc_a-impure.o)
                0x0000000020000058                _impure_ptr
 *(.RamFunc)
 *(.RamFunc*)
                0x000000002000005c                . = ALIGN (0x4)
                0x000000002000005c                _edata = .

.igot.plt       0x000000002000005c        0x0 load address 0x0000000008001f10
 .igot.plt      0x000000002000005c        0x0 C:/ST/STM32CubeIDE_1.14.1/STM32CubeIDE/plugins/com.st.stm32cube.ide.mcu.externaltools.gnu-tools-for-stm32.11.3.rel1.win32_1.1.100.202309141235/tools/bin/../lib/gcc/arm-none-eabi/11.3.1/thumb/v7-m/nofp/crtbegin.o
                0x000000002000005c                . = ALIGN (0x4)

.bss            0x000000002000005c      0x1e8 load address 0x0000000008001f10
                0x000000002000005c                _sbss = .
                0x000000002000005c                __bss_start__ = _sbss
 *(.bss)
 .bss           0x000000002000005c       0x1c C:/ST/STM32CubeIDE_1.14.1/STM32CubeIDE/plugins/com.st.stm32cube.ide.mcu.externaltools.gnu-tools-for-stm32.11.3.rel1.win32_1.1.100.202309141235/tools/bin/../lib/gcc/arm-none-eabi/11.3.1/thumb/v7-m/nofp/crtbegin.o
 *(.bss*)
 .bss.Task1_handle
                0x0000000020000078        0x4 ./App/mainApp.o
                0x0000000020000078                Task1_handle
 .bss.Task2_handle
                0x000000002000007c        0x4 ./App/mainApp.o
                0x000000002000007c                Task2_handle
 .bss.Task3_handle
                0x0000000020000080        0x4 ./App/mainApp.o
                0x0000000020000080                Task3_handle
 .bss.Task4_handle
                0x0000000020000084        0x4 ./App/mainApp.o
                0x0000000020000084                Task4_handle
 .bss.Task5_handle
                0x0000000020000088        0x4 ./App/mainApp.o
                0x0000000020000088                Task5_handle
 .bss.count1    0x000000002000008c        0x2 ./App/mainApp.o
                0x000000002000008c                count1
 .bss.count2    0x000000002000008e        0x2 ./App/mainApp.o
                0x000000002000008e                count2
 .bss.count3    0x0000000020000090        0x2 ./App/mainApp.o
                0x0000000020000090                count3
 .bss.count4    0x0000000020000092        0x2 ./App/mainApp.o
                0x0000000020000092                count4
 .bss.count5    0x0000000020000094        0x2 ./App/mainApp.o
                0x0000000020000094                count5
 *fill*         0x0000000020000096        0x2 
 .bss.mutex1    0x0000000020000098        0x4 ./App/mainApp.o
                0x0000000020000098                mutex1
 .bss.hdma_memtomem_dma1_channel1
                0x000000002000009c       0x44 ./Core/Src/main.o
                0x000000002000009c                hdma_memtomem_dma1_channel1
 .bss.__sbrk_heap_end
                0x00000000200000e0        0x4 ./Core/Src/sysmem.o
 .bss.uwTick    0x00000000200000e4        0x4 ./Drivers/STM32F1xx_HAL_Driver/Src/stm32f1xx_hal.o
                0x00000000200000e4                uwTick
 .bss.Task_running
                0x00000000200000e8        0x4 ./Middle_layer/mini_os/src/minnOs_task.o
                0x00000000200000e8                Task_running
 .bss.Task_temp
                0x00000000200000ec        0x4 ./Middle_layer/mini_os/src/minnOs_task.o
                0x00000000200000ec                Task_temp
 .bss.Task_next
                0x00000000200000f0        0x4 ./Middle_layer/mini_os/src/minnOs_task.o
                0x00000000200000f0                Task_next
 .bss.Tasks_Ready
                0x00000000200000f4        0x4 ./Middle_layer/mini_os/src/minnOs_task.o
                0x00000000200000f4                Tasks_Ready
 .bss.Tasks_Block
                0x00000000200000f8        0x4 ./Middle_layer/mini_os/src/minnOs_task.o
                0x00000000200000f8                Tasks_Block
 .bss.__malloc_free_list
                0x00000000200000fc        0x4 C:/ST/STM32CubeIDE_1.14.1/STM32CubeIDE/plugins/com.st.stm32cube.ide.mcu.externaltools.gnu-tools-for-stm32.11.3.rel1.win32_1.1.100.202309141235/tools/bin/../lib/gcc/arm-none-eabi/11.3.1/../../../../arm-none-eabi/lib/thumb/v7-m/nofp\libc_nano.a(libc_a-mallocr.o)
                0x00000000200000fc                __malloc_free_list
 .bss.__malloc_sbrk_start
                0x0000000020000100        0x4 C:/ST/STM32CubeIDE_1.14.1/STM32CubeIDE/plugins/com.st.stm32cube.ide.mcu.externaltools.gnu-tools-for-stm32.11.3.rel1.win32_1.1.100.202309141235/tools/bin/../lib/gcc/arm-none-eabi/11.3.1/../../../../arm-none-eabi/lib/thumb/v7-m/nofp\libc_nano.a(libc_a-mallocr.o)
                0x0000000020000100                __malloc_sbrk_start
 .bss.__sf      0x0000000020000104      0x138 C:/ST/STM32CubeIDE_1.14.1/STM32CubeIDE/plugins/com.st.stm32cube.ide.mcu.externaltools.gnu-tools-for-stm32.11.3.rel1.win32_1.1.100.202309141235/tools/bin/../lib/gcc/arm-none-eabi/11.3.1/../../../../arm-none-eabi/lib/thumb/v7-m/nofp\libc_nano.a(libc_a-findfp.o)
                0x0000000020000104                __sf
 .bss.errno     0x000000002000023c        0x4 C:/ST/STM32CubeIDE_1.14.1/STM32CubeIDE/plugins/com.st.stm32cube.ide.mcu.externaltools.gnu-tools-for-stm32.11.3.rel1.win32_1.1.100.202309141235/tools/bin/../lib/gcc/arm-none-eabi/11.3.1/../../../../arm-none-eabi/lib/thumb/v7-m/nofp\libc_nano.a(libc_a-reent.o)
                0x000000002000023c                errno
 .bss.__lock___malloc_recursive_mutex
                0x0000000020000240        0x1 C:/ST/STM32CubeIDE_1.14.1/STM32CubeIDE/plugins/com.st.stm32cube.ide.mcu.externaltools.gnu-tools-for-stm32.11.3.rel1.win32_1.1.100.202309141235/tools/bin/../lib/gcc/arm-none-eabi/11.3.1/../../../../arm-none-eabi/lib/thumb/v7-m/nofp\libc_nano.a(libc_a-lock.o)
                0x0000000020000240                __lock___malloc_recursive_mutex
 *(COMMON)
                0x0000000020000244                . = ALIGN (0x4)
 *fill*         0x0000000020000241        0x3 
                0x0000000020000244                _ebss = .
                0x0000000020000244                __bss_end__ = _ebss

._user_heap_stack
                0x0000000020000244      0x604 load address 0x0000000008001f10
                0x0000000020000248                . = ALIGN (0x8)
 *fill*         0x0000000020000244        0x4 
                [!provide]                        PROVIDE (end = .)
                0x0000000020000248                PROVIDE (_end = .)
                0x0000000020000448                . = (. + _Min_Heap_Size)
 *fill*         0x0000000020000248      0x200 
                0x0000000020000848                . = (. + _Min_Stack_Size)
 *fill*         0x0000000020000448      0x400 
                0x0000000020000848                . = ALIGN (0x8)

/DISCARD/
 libc.a(*)
 libm.a(*)
 libgcc.a(*)

.ARM.attributes
                0x0000000000000000       0x29
 *(.ARM.attributes)
 .ARM.attributes
                0x0000000000000000       0x1d C:/ST/STM32CubeIDE_1.14.1/STM32CubeIDE/plugins/com.st.stm32cube.ide.mcu.externaltools.gnu-tools-for-stm32.11.3.rel1.win32_1.1.100.202309141235/tools/bin/../lib/gcc/arm-none-eabi/11.3.1/thumb/v7-m/nofp/crti.o
 .ARM.attributes
                0x000000000000001d       0x2d C:/ST/STM32CubeIDE_1.14.1/STM32CubeIDE/plugins/com.st.stm32cube.ide.mcu.externaltools.gnu-tools-for-stm32.11.3.rel1.win32_1.1.100.202309141235/tools/bin/../lib/gcc/arm-none-eabi/11.3.1/thumb/v7-m/nofp/crtbegin.o
 .ARM.attributes
                0x000000000000004a       0x2d ./App/mainApp.o
 .ARM.attributes
                0x0000000000000077       0x2d ./Core/Src/main.o
 .ARM.attributes
                0x00000000000000a4       0x2d ./Core/Src/stm32f1xx_hal_msp.o
 .ARM.attributes
                0x00000000000000d1       0x2d ./Core/Src/stm32f1xx_it.o
 .ARM.attributes
                0x00000000000000fe       0x2d ./Core/Src/sysmem.o
 .ARM.attributes
                0x000000000000012b       0x2d ./Core/Src/system_stm32f1xx.o
 .ARM.attributes
                0x0000000000000158       0x21 ./Core/Startup/startup_stm32f103c8tx.o
 .ARM.attributes
                0x0000000000000179       0x2d ./Drivers/STM32F1xx_HAL_Driver/Src/stm32f1xx_hal.o
 .ARM.attributes
                0x00000000000001a6       0x2d ./Drivers/STM32F1xx_HAL_Driver/Src/stm32f1xx_hal_cortex.o
 .ARM.attributes
                0x00000000000001d3       0x2d ./Drivers/STM32F1xx_HAL_Driver/Src/stm32f1xx_hal_dma.o
 .ARM.attributes
                0x0000000000000200       0x2d ./Drivers/STM32F1xx_HAL_Driver/Src/stm32f1xx_hal_rcc.o
 .ARM.attributes
                0x000000000000022d       0x2d ./Middle_layer/mini_os/List/list.o
 .ARM.attributes
                0x000000000000025a       0x2d ./Middle_layer/mini_os/src/minnOs_task.o
 .ARM.attributes
                0x0000000000000287       0x2d ./Middle_layer/mini_os/src/mutex.o
 .ARM.attributes
                0x00000000000002b4       0x2d C:/ST/STM32CubeIDE_1.14.1/STM32CubeIDE/plugins/com.st.stm32cube.ide.mcu.externaltools.gnu-tools-for-stm32.11.3.rel1.win32_1.1.100.202309141235/tools/bin/../lib/gcc/arm-none-eabi/11.3.1/../../../../arm-none-eabi/lib/thumb/v7-m/nofp\libc_nano.a(libc_a-malloc.o)
 .ARM.attributes
                0x00000000000002e1       0x2d C:/ST/STM32CubeIDE_1.14.1/STM32CubeIDE/plugins/com.st.stm32cube.ide.mcu.externaltools.gnu-tools-for-stm32.11.3.rel1.win32_1.1.100.202309141235/tools/bin/../lib/gcc/arm-none-eabi/11.3.1/../../../../arm-none-eabi/lib/thumb/v7-m/nofp\libc_nano.a(libc_a-mallocr.o)
 .ARM.attributes
                0x000000000000030e       0x2d C:/ST/STM32CubeIDE_1.14.1/STM32CubeIDE/plugins/com.st.stm32cube.ide.mcu.externaltools.gnu-tools-for-stm32.11.3.rel1.win32_1.1.100.202309141235/tools/bin/../lib/gcc/arm-none-eabi/11.3.1/../../../../arm-none-eabi/lib/thumb/v7-m/nofp\libc_nano.a(libc_a-mlock.o)
 .ARM.attributes
                0x000000000000033b       0x2d C:/ST/STM32CubeIDE_1.14.1/STM32CubeIDE/plugins/com.st.stm32cube.ide.mcu.externaltools.gnu-tools-for-stm32.11.3.rel1.win32_1.1.100.202309141235/tools/bin/../lib/gcc/arm-none-eabi/11.3.1/../../../../arm-none-eabi/lib/thumb/v7-m/nofp\libc_nano.a(libc_a-findfp.o)
 .ARM.attributes
                0x0000000000000368       0x2d C:/ST/STM32CubeIDE_1.14.1/STM32CubeIDE/plugins/com.st.stm32cube.ide.mcu.externaltools.gnu-tools-for-stm32.11.3.rel1.win32_1.1.100.202309141235/tools/bin/../lib/gcc/arm-none-eabi/11.3.1/../../../../arm-none-eabi/lib/thumb/v7-m/nofp\libc_nano.a(libc_a-memset.o)
 .ARM.attributes
                0x0000000000000395       0x2d C:/ST/STM32CubeIDE_1.14.1/STM32CubeIDE/plugins/com.st.stm32cube.ide.mcu.externaltools.gnu-tools-for-stm32.11.3.rel1.win32_1.1.100.202309141235/tools/bin/../lib/gcc/arm-none-eabi/11.3.1/../../../../arm-none-eabi/lib/thumb/v7-m/nofp\libc_nano.a(libc_a-reent.o)
 .ARM.attributes
                0x00000000000003c2       0x2d C:/ST/STM32CubeIDE_1.14.1/STM32CubeIDE/plugins/com.st.stm32cube.ide.mcu.externaltools.gnu-tools-for-stm32.11.3.rel1.win32_1.1.100.202309141235/tools/bin/../lib/gcc/arm-none-eabi/11.3.1/../../../../arm-none-eabi/lib/thumb/v7-m/nofp\libc_nano.a(libc_a-impure.o)
 .ARM.attributes
                0x00000000000003ef       0x2d C:/ST/STM32CubeIDE_1.14.1/STM32CubeIDE/plugins/com.st.stm32cube.ide.mcu.externaltools.gnu-tools-for-stm32.11.3.rel1.win32_1.1.100.202309141235/tools/bin/../lib/gcc/arm-none-eabi/11.3.1/../../../../arm-none-eabi/lib/thumb/v7-m/nofp\libc_nano.a(libc_a-sbrkr.o)
 .ARM.attributes
                0x000000000000041c       0x2d C:/ST/STM32CubeIDE_1.14.1/STM32CubeIDE/plugins/com.st.stm32cube.ide.mcu.externaltools.gnu-tools-for-stm32.11.3.rel1.win32_1.1.100.202309141235/tools/bin/../lib/gcc/arm-none-eabi/11.3.1/../../../../arm-none-eabi/lib/thumb/v7-m/nofp\libc_nano.a(libc_a-errno.o)
 .ARM.attributes
                0x0000000000000449       0x2d C:/ST/STM32CubeIDE_1.14.1/STM32CubeIDE/plugins/com.st.stm32cube.ide.mcu.externaltools.gnu-tools-for-stm32.11.3.rel1.win32_1.1.100.202309141235/tools/bin/../lib/gcc/arm-none-eabi/11.3.1/../../../../arm-none-eabi/lib/thumb/v7-m/nofp\libc_nano.a(libc_a-init.o)
 .ARM.attributes
                0x0000000000000476       0x2d C:/ST/STM32CubeIDE_1.14.1/STM32CubeIDE/plugins/com.st.stm32cube.ide.mcu.externaltools.gnu-tools-for-stm32.11.3.rel1.win32_1.1.100.202309141235/tools/bin/../lib/gcc/arm-none-eabi/11.3.1/../../../../arm-none-eabi/lib/thumb/v7-m/nofp\libc_nano.a(libc_a-lock.o)
 .ARM.attributes
                0x00000000000004a3       0x2d C:/ST/STM32CubeIDE_1.14.1/STM32CubeIDE/plugins/com.st.stm32cube.ide.mcu.externaltools.gnu-tools-for-stm32.11.3.rel1.win32_1.1.100.202309141235/tools/bin/../lib/gcc/arm-none-eabi/11.3.1/../../../../arm-none-eabi/lib/thumb/v7-m/nofp\libc_nano.a(libc_a-freer.o)
 .ARM.attributes
                0x00000000000004d0       0x1d C:/ST/STM32CubeIDE_1.14.1/STM32CubeIDE/plugins/com.st.stm32cube.ide.mcu.externaltools.gnu-tools-for-stm32.11.3.rel1.win32_1.1.100.202309141235/tools/bin/../lib/gcc/arm-none-eabi/11.3.1/thumb/v7-m/nofp/crtn.o
OUTPUT(uart_dma.elf elf32-littlearm)
LOAD linker stubs
LOAD C:/ST/STM32CubeIDE_1.14.1/STM32CubeIDE/plugins/com.st.stm32cube.ide.mcu.externaltools.gnu-tools-for-stm32.11.3.rel1.win32_1.1.100.202309141235/tools/bin/../lib/gcc/arm-none-eabi/11.3.1/../../../../arm-none-eabi/lib/thumb/v7-m/nofp\libc.a
LOAD C:/ST/STM32CubeIDE_1.14.1/STM32CubeIDE/plugins/com.st.stm32cube.ide.mcu.externaltools.gnu-tools-for-stm32.11.3.rel1.win32_1.1.100.202309141235/tools/bin/../lib/gcc/arm-none-eabi/11.3.1/../../../../arm-none-eabi/lib/thumb/v7-m/nofp\libm.a
LOAD C:/ST/STM32CubeIDE_1.14.1/STM32CubeIDE/plugins/com.st.stm32cube.ide.mcu.externaltools.gnu-tools-for-stm32.11.3.rel1.win32_1.1.100.202309141235/tools/bin/../lib/gcc/arm-none-eabi/11.3.1/thumb/v7-m/nofp\libgcc.a

.comment        0x0000000000000000       0x43
 .comment       0x0000000000000000       0x43 C:/ST/STM32CubeIDE_1.14.1/STM32CubeIDE/plugins/com.st.stm32cube.ide.mcu.externaltools.gnu-tools-for-stm32.11.3.rel1.win32_1.1.100.202309141235/tools/bin/../lib/gcc/arm-none-eabi/11.3.1/thumb/v7-m/nofp/crtbegin.o
                                         0x44 (size before relaxing)
 .comment       0x0000000000000043       0x44 ./App/mainApp.o
 .comment       0x0000000000000043       0x44 ./Core/Src/main.o
 .comment       0x0000000000000043       0x44 ./Core/Src/stm32f1xx_hal_msp.o
 .comment       0x0000000000000043       0x44 ./Core/Src/stm32f1xx_it.o
 .comment       0x0000000000000043       0x44 ./Core/Src/sysmem.o
 .comment       0x0000000000000043       0x44 ./Core/Src/system_stm32f1xx.o
 .comment       0x0000000000000043       0x44 ./Drivers/STM32F1xx_HAL_Driver/Src/stm32f1xx_hal.o
 .comment       0x0000000000000043       0x44 ./Drivers/STM32F1xx_HAL_Driver/Src/stm32f1xx_hal_cortex.o
 .comment       0x0000000000000043       0x44 ./Drivers/STM32F1xx_HAL_Driver/Src/stm32f1xx_hal_dma.o
 .comment       0x0000000000000043       0x44 ./Drivers/STM32F1xx_HAL_Driver/Src/stm32f1xx_hal_rcc.o
 .comment       0x0000000000000043       0x44 ./Middle_layer/mini_os/List/list.o
 .comment       0x0000000000000043       0x44 ./Middle_layer/mini_os/src/minnOs_task.o
 .comment       0x0000000000000043       0x44 ./Middle_layer/mini_os/src/mutex.o

.debug_info     0x0000000000000000     0x4023
 .debug_info    0x0000000000000000      0x490 ./App/mainApp.o
 .debug_info    0x0000000000000490      0x606 ./Core/Src/main.o
 .debug_info    0x0000000000000a96      0x1f1 ./Core/Src/stm32f1xx_hal_msp.o
 .debug_info    0x0000000000000c87       0xe8 ./Core/Src/stm32f1xx_it.o
 .debug_info    0x0000000000000d6f      0x168 ./Core/Src/sysmem.o
 .debug_info    0x0000000000000ed7      0x222 ./Core/Src/system_stm32f1xx.o
 .debug_info    0x00000000000010f9       0x23 ./Core/Startup/startup_stm32f103c8tx.o
 .debug_info    0x000000000000111c      0x704 ./Drivers/STM32F1xx_HAL_Driver/Src/stm32f1xx_hal.o
 .debug_info    0x0000000000001820      0xa87 ./Drivers/STM32F1xx_HAL_Driver/Src/stm32f1xx_hal_cortex.o
 .debug_info    0x00000000000022a7      0x6d2 ./Drivers/STM32F1xx_HAL_Driver/Src/stm32f1xx_hal_dma.o
 .debug_info    0x0000000000002979      0x7d5 ./Drivers/STM32F1xx_HAL_Driver/Src/stm32f1xx_hal_rcc.o
 .debug_info    0x000000000000314e      0x343 ./Middle_layer/mini_os/List/list.o
 .debug_info    0x0000000000003491      0x7da ./Middle_layer/mini_os/src/minnOs_task.o
 .debug_info    0x0000000000003c6b      0x3b8 ./Middle_layer/mini_os/src/mutex.o

.debug_abbrev   0x0000000000000000     0x160b
 .debug_abbrev  0x0000000000000000      0x13f ./App/mainApp.o
 .debug_abbrev  0x000000000000013f      0x232 ./Core/Src/main.o
 .debug_abbrev  0x0000000000000371       0xdb ./Core/Src/stm32f1xx_hal_msp.o
 .debug_abbrev  0x000000000000044c       0x47 ./Core/Src/stm32f1xx_it.o
 .debug_abbrev  0x0000000000000493       0xbc ./Core/Src/sysmem.o
 .debug_abbrev  0x000000000000054f      0x13f ./Core/Src/system_stm32f1xx.o
 .debug_abbrev  0x000000000000068e       0x12 ./Core/Startup/startup_stm32f103c8tx.o
 .debug_abbrev  0x00000000000006a0      0x201 ./Drivers/STM32F1xx_HAL_Driver/Src/stm32f1xx_hal.o
 .debug_abbrev  0x00000000000008a1      0x2f8 ./Drivers/STM32F1xx_HAL_Driver/Src/stm32f1xx_hal_cortex.o
 .debug_abbrev  0x0000000000000b99      0x20b ./Drivers/STM32F1xx_HAL_Driver/Src/stm32f1xx_hal_dma.o
 .debug_abbrev  0x0000000000000da4      0x2b3 ./Drivers/STM32F1xx_HAL_Driver/Src/stm32f1xx_hal_rcc.o
 .debug_abbrev  0x0000000000001057      0x13d ./Middle_layer/mini_os/List/list.o
 .debug_abbrev  0x0000000000001194      0x30c ./Middle_layer/mini_os/src/minnOs_task.o
 .debug_abbrev  0x00000000000014a0      0x16b ./Middle_layer/mini_os/src/mutex.o

.debug_aranges  0x0000000000000000      0x570
 .debug_aranges
                0x0000000000000000       0x48 ./App/mainApp.o
 .debug_aranges
                0x0000000000000048       0x40 ./Core/Src/main.o
 .debug_aranges
                0x0000000000000088       0x20 ./Core/Src/stm32f1xx_hal_msp.o
 .debug_aranges
                0x00000000000000a8       0x50 ./Core/Src/stm32f1xx_it.o
 .debug_aranges
                0x00000000000000f8       0x20 ./Core/Src/sysmem.o
 .debug_aranges
                0x0000000000000118       0x28 ./Core/Src/system_stm32f1xx.o
 .debug_aranges
                0x0000000000000140       0x28 ./Core/Startup/startup_stm32f103c8tx.o
 .debug_aranges
                0x0000000000000168       0xe0 ./Drivers/STM32F1xx_HAL_Driver/Src/stm32f1xx_hal.o
 .debug_aranges
                0x0000000000000248      0x100 ./Drivers/STM32F1xx_HAL_Driver/Src/stm32f1xx_hal_cortex.o
 .debug_aranges
                0x0000000000000348       0x80 ./Drivers/STM32F1xx_HAL_Driver/Src/stm32f1xx_hal_dma.o
 .debug_aranges
                0x00000000000003c8       0x90 ./Drivers/STM32F1xx_HAL_Driver/Src/stm32f1xx_hal_rcc.o
 .debug_aranges
                0x0000000000000458       0x48 ./Middle_layer/mini_os/List/list.o
 .debug_aranges
                0x00000000000004a0       0xa0 ./Middle_layer/mini_os/src/minnOs_task.o
 .debug_aranges
                0x0000000000000540       0x30 ./Middle_layer/mini_os/src/mutex.o

.debug_rnglists
                0x0000000000000000      0x3f1
 .debug_rnglists
                0x0000000000000000       0x32 ./App/mainApp.o
 .debug_rnglists
                0x0000000000000032       0x2b ./Core/Src/main.o
 .debug_rnglists
                0x000000000000005d       0x13 ./Core/Src/stm32f1xx_hal_msp.o
 .debug_rnglists
                0x0000000000000070       0x37 ./Core/Src/stm32f1xx_it.o
 .debug_rnglists
                0x00000000000000a7       0x13 ./Core/Src/sysmem.o
 .debug_rnglists
                0x00000000000000ba       0x1a ./Core/Src/system_stm32f1xx.o
 .debug_rnglists
                0x00000000000000d4       0x19 ./Core/Startup/startup_stm32f103c8tx.o
 .debug_rnglists
                0x00000000000000ed       0xa3 ./Drivers/STM32F1xx_HAL_Driver/Src/stm32f1xx_hal.o
 .debug_rnglists
                0x0000000000000190       0xbb ./Drivers/STM32F1xx_HAL_Driver/Src/stm32f1xx_hal_cortex.o
 .debug_rnglists
                0x000000000000024b       0x64 ./Drivers/STM32F1xx_HAL_Driver/Src/stm32f1xx_hal_dma.o
 .debug_rnglists
                0x00000000000002af       0x6c ./Drivers/STM32F1xx_HAL_Driver/Src/stm32f1xx_hal_rcc.o
 .debug_rnglists
                0x000000000000031b       0x34 ./Middle_layer/mini_os/List/list.o
 .debug_rnglists
                0x000000000000034f       0x83 ./Middle_layer/mini_os/src/minnOs_task.o
 .debug_rnglists
                0x00000000000003d2       0x1f ./Middle_layer/mini_os/src/mutex.o

.debug_macro    0x0000000000000000    0x171b2
 .debug_macro   0x0000000000000000      0x2c4 ./App/mainApp.o
 .debug_macro   0x00000000000002c4      0xa9c ./App/mainApp.o
 .debug_macro   0x0000000000000d60      0x215 ./App/mainApp.o
 .debug_macro   0x0000000000000f75       0x2e ./App/mainApp.o
 .debug_macro   0x0000000000000fa3       0x22 ./App/mainApp.o
 .debug_macro   0x0000000000000fc5       0x22 ./App/mainApp.o
 .debug_macro   0x0000000000000fe7       0x8e ./App/mainApp.o
 .debug_macro   0x0000000000001075       0x51 ./App/mainApp.o
 .debug_macro   0x00000000000010c6      0x103 ./App/mainApp.o
 .debug_macro   0x00000000000011c9       0x6a ./App/mainApp.o
 .debug_macro   0x0000000000001233      0x1df ./App/mainApp.o
 .debug_macro   0x0000000000001412       0x1c ./App/mainApp.o
 .debug_macro   0x000000000000142e       0x22 ./App/mainApp.o
 .debug_macro   0x0000000000001450       0xbd ./App/mainApp.o
 .debug_macro   0x000000000000150d      0xd23 ./App/mainApp.o
 .debug_macro   0x0000000000002230     0xe09e ./App/mainApp.o
 .debug_macro   0x00000000000102ce       0x6d ./App/mainApp.o
 .debug_macro   0x000000000001033b     0x34a2 ./App/mainApp.o
 .debug_macro   0x00000000000137dd      0x174 ./App/mainApp.o
 .debug_macro   0x0000000000013951       0x5c ./App/mainApp.o
 .debug_macro   0x00000000000139ad      0x5bc ./App/mainApp.o
 .debug_macro   0x0000000000013f69      0x289 ./App/mainApp.o
 .debug_macro   0x00000000000141f2      0x1cb ./App/mainApp.o
 .debug_macro   0x00000000000143bd      0x114 ./App/mainApp.o
 .debug_macro   0x00000000000144d1      0x1b2 ./App/mainApp.o
 .debug_macro   0x0000000000014683       0x27 ./App/mainApp.o
 .debug_macro   0x00000000000146aa      0x136 ./App/mainApp.o
 .debug_macro   0x00000000000147e0      0x1bc ./App/mainApp.o
 .debug_macro   0x000000000001499c       0x34 ./App/mainApp.o
 .debug_macro   0x00000000000149d0       0x3c ./App/mainApp.o
 .debug_macro   0x0000000000014a0c       0x57 ./App/mainApp.o
 .debug_macro   0x0000000000014a63       0x87 ./App/mainApp.o
 .debug_macro   0x0000000000014aea      0x240 ./App/mainApp.o
 .debug_macro   0x0000000000014d2a      0x140 ./App/mainApp.o
 .debug_macro   0x0000000000014e6a       0x83 ./App/mainApp.o
 .debug_macro   0x0000000000014eed       0x24 ./App/mainApp.o
 .debug_macro   0x0000000000014f11       0x61 ./App/mainApp.o
 .debug_macro   0x0000000000014f72       0x43 ./App/mainApp.o
 .debug_macro   0x0000000000014fb5       0x34 ./App/mainApp.o
 .debug_macro   0x0000000000014fe9       0x16 ./App/mainApp.o
 .debug_macro   0x0000000000014fff       0x35 ./App/mainApp.o
 .debug_macro   0x0000000000015034       0x16 ./App/mainApp.o
 .debug_macro   0x000000000001504a       0x43 ./App/mainApp.o
 .debug_macro   0x000000000001508d       0x34 ./App/mainApp.o
 .debug_macro   0x00000000000150c1       0x10 ./App/mainApp.o
 .debug_macro   0x00000000000150d1       0x58 ./App/mainApp.o
 .debug_macro   0x0000000000015129       0x8e ./App/mainApp.o
 .debug_macro   0x00000000000151b7       0x1c ./App/mainApp.o
 .debug_macro   0x00000000000151d3      0x177 ./App/mainApp.o
 .debug_macro   0x000000000001534a      0x369 ./App/mainApp.o
 .debug_macro   0x00000000000156b3       0x16 ./App/mainApp.o
 .debug_macro   0x00000000000156c9       0x29 ./App/mainApp.o
 .debug_macro   0x00000000000156f2       0x16 ./App/mainApp.o
 .debug_macro   0x0000000000015708       0x20 ./App/mainApp.o
 .debug_macro   0x0000000000015728      0x2a8 ./Core/Src/main.o
 .debug_macro   0x00000000000159d0      0x18e ./Core/Src/stm32f1xx_hal_msp.o
 .debug_macro   0x0000000000015b5e      0x198 ./Core/Src/stm32f1xx_it.o
 .debug_macro   0x0000000000015cf6       0xff ./Core/Src/sysmem.o
 .debug_macro   0x0000000000015df5      0x23c ./Core/Src/sysmem.o
 .debug_macro   0x0000000000016031      0x184 ./Core/Src/system_stm32f1xx.o
 .debug_macro   0x00000000000161b5      0x1a8 ./Drivers/STM32F1xx_HAL_Driver/Src/stm32f1xx_hal.o
 .debug_macro   0x000000000001635d      0x184 ./Drivers/STM32F1xx_HAL_Driver/Src/stm32f1xx_hal_cortex.o
 .debug_macro   0x00000000000164e1      0x184 ./Drivers/STM32F1xx_HAL_Driver/Src/stm32f1xx_hal_dma.o
 .debug_macro   0x0000000000016665      0x196 ./Drivers/STM32F1xx_HAL_Driver/Src/stm32f1xx_hal_rcc.o
 .debug_macro   0x00000000000167fb      0x28a ./Middle_layer/mini_os/List/list.o
 .debug_macro   0x0000000000016a85      0x10e ./Middle_layer/mini_os/List/list.o
 .debug_macro   0x0000000000016b93       0x8d ./Middle_layer/mini_os/List/list.o
 .debug_macro   0x0000000000016c20       0x56 ./Middle_layer/mini_os/List/list.o
 .debug_macro   0x0000000000016c76      0x294 ./Middle_layer/mini_os/src/minnOs_task.o
 .debug_macro   0x0000000000016f0a      0x2a8 ./Middle_layer/mini_os/src/mutex.o

.debug_line     0x0000000000000000     0x7fa8
 .debug_line    0x0000000000000000      0x9f3 ./App/mainApp.o
 .debug_line    0x00000000000009f3      0x999 ./Core/Src/main.o
 .debug_line    0x000000000000138c      0x6bd ./Core/Src/stm32f1xx_hal_msp.o
 .debug_line    0x0000000000001a49      0x753 ./Core/Src/stm32f1xx_it.o
 .debug_line    0x000000000000219c      0x583 ./Core/Src/sysmem.o
 .debug_line    0x000000000000271f      0x73a ./Core/Src/system_stm32f1xx.o
 .debug_line    0x0000000000002e59       0x78 ./Core/Startup/startup_stm32f103c8tx.o
 .debug_line    0x0000000000002ed1      0x967 ./Drivers/STM32F1xx_HAL_Driver/Src/stm32f1xx_hal.o
 .debug_line    0x0000000000003838      0xb4f ./Drivers/STM32F1xx_HAL_Driver/Src/stm32f1xx_hal_cortex.o
 .debug_line    0x0000000000004387      0xdc0 ./Drivers/STM32F1xx_HAL_Driver/Src/stm32f1xx_hal_dma.o
 .debug_line    0x0000000000005147      0xd70 ./Drivers/STM32F1xx_HAL_Driver/Src/stm32f1xx_hal_rcc.o
 .debug_line    0x0000000000005eb7      0xa45 ./Middle_layer/mini_os/List/list.o
 .debug_line    0x00000000000068fc      0xd64 ./Middle_layer/mini_os/src/minnOs_task.o
 .debug_line    0x0000000000007660      0x948 ./Middle_layer/mini_os/src/mutex.o

.debug_str      0x0000000000000000    0x7f7d1
 .debug_str     0x0000000000000000    0x7dd88 ./App/mainApp.o
                                      0x7e10b (size before relaxing)
 .debug_str     0x000000000007dd88      0x3f4 ./Core/Src/main.o
                                      0x7e2b4 (size before relaxing)
 .debug_str     0x000000000007e17c       0x5a ./Core/Src/stm32f1xx_hal_msp.o
                                      0x7accc (size before relaxing)
 .debug_str     0x000000000007e1d6       0x9e ./Core/Src/stm32f1xx_it.o
                                      0x7acb6 (size before relaxing)
 .debug_str     0x000000000007e274      0x4dc ./Core/Src/sysmem.o
                                       0x5fe6 (size before relaxing)
 .debug_str     0x000000000007e750       0x7e ./Core/Src/system_stm32f1xx.o
                                      0x7acf7 (size before relaxing)
 .debug_str     0x000000000007e7ce       0x34 ./Core/Startup/startup_stm32f103c8tx.o
                                         0x50 (size before relaxing)
 .debug_str     0x000000000007e802      0x61f ./Drivers/STM32F1xx_HAL_Driver/Src/stm32f1xx_hal.o
                                      0x7b42a (size before relaxing)
 .debug_str     0x000000000007ee21      0x2b1 ./Drivers/STM32F1xx_HAL_Driver/Src/stm32f1xx_hal_cortex.o
                                      0x7b376 (size before relaxing)
 .debug_str     0x000000000007f0d2      0x230 ./Drivers/STM32F1xx_HAL_Driver/Src/stm32f1xx_hal_dma.o
                                      0x7b0a0 (size before relaxing)
 .debug_str     0x000000000007f302      0x26a ./Drivers/STM32F1xx_HAL_Driver/Src/stm32f1xx_hal_rcc.o
                                      0x7b126 (size before relaxing)
 .debug_str     0x000000000007f56c       0x94 ./Middle_layer/mini_os/List/list.o
                                      0x7df37 (size before relaxing)
 .debug_str     0x000000000007f600      0x181 ./Middle_layer/mini_os/src/minnOs_task.o
                                      0x7e1d2 (size before relaxing)
 .debug_str     0x000000000007f781       0x50 ./Middle_layer/mini_os/src/mutex.o
                                      0x7e076 (size before relaxing)

.debug_frame    0x0000000000000000     0x15b8
 .debug_frame   0x0000000000000000       0xb8 ./App/mainApp.o
 .debug_frame   0x00000000000000b8       0xb4 ./Core/Src/main.o
 .debug_frame   0x000000000000016c       0x38 ./Core/Src/stm32f1xx_hal_msp.o
 .debug_frame   0x00000000000001a4       0xc8 ./Core/Src/stm32f1xx_it.o
 .debug_frame   0x000000000000026c       0x34 ./Core/Src/sysmem.o
 .debug_frame   0x00000000000002a0       0x58 ./Core/Src/system_stm32f1xx.o
 .debug_frame   0x00000000000002f8      0x334 ./Drivers/STM32F1xx_HAL_Driver/Src/stm32f1xx_hal.o
 .debug_frame   0x000000000000062c      0x428 ./Drivers/STM32F1xx_HAL_Driver/Src/stm32f1xx_hal_cortex.o
 .debug_frame   0x0000000000000a54      0x208 ./Drivers/STM32F1xx_HAL_Driver/Src/stm32f1xx_hal_dma.o
 .debug_frame   0x0000000000000c5c      0x218 ./Drivers/STM32F1xx_HAL_Driver/Src/stm32f1xx_hal_rcc.o
 .debug_frame   0x0000000000000e74       0xec ./Middle_layer/mini_os/List/list.o
 .debug_frame   0x0000000000000f60      0x230 ./Middle_layer/mini_os/src/minnOs_task.o
 .debug_frame   0x0000000000001190       0x7c ./Middle_layer/mini_os/src/mutex.o
 .debug_frame   0x000000000000120c       0x30 C:/ST/STM32CubeIDE_1.14.1/STM32CubeIDE/plugins/com.st.stm32cube.ide.mcu.externaltools.gnu-tools-for-stm32.11.3.rel1.win32_1.1.100.202309141235/tools/bin/../lib/gcc/arm-none-eabi/11.3.1/../../../../arm-none-eabi/lib/thumb/v7-m/nofp\libc_nano.a(libc_a-malloc.o)
 .debug_frame   0x000000000000123c       0x50 C:/ST/STM32CubeIDE_1.14.1/STM32CubeIDE/plugins/com.st.stm32cube.ide.mcu.externaltools.gnu-tools-for-stm32.11.3.rel1.win32_1.1.100.202309141235/tools/bin/../lib/gcc/arm-none-eabi/11.3.1/../../../../arm-none-eabi/lib/thumb/v7-m/nofp\libc_nano.a(libc_a-mallocr.o)
 .debug_frame   0x000000000000128c       0x30 C:/ST/STM32CubeIDE_1.14.1/STM32CubeIDE/plugins/com.st.stm32cube.ide.mcu.externaltools.gnu-tools-for-stm32.11.3.rel1.win32_1.1.100.202309141235/tools/bin/../lib/gcc/arm-none-eabi/11.3.1/../../../../arm-none-eabi/lib/thumb/v7-m/nofp\libc_nano.a(libc_a-mlock.o)
 .debug_frame   0x00000000000012bc      0x144 C:/ST/STM32CubeIDE_1.14.1/STM32CubeIDE/plugins/com.st.stm32cube.ide.mcu.externaltools.gnu-tools-for-stm32.11.3.rel1.win32_1.1.100.202309141235/tools/bin/../lib/gcc/arm-none-eabi/11.3.1/../../../../arm-none-eabi/lib/thumb/v7-m/nofp\libc_nano.a(libc_a-findfp.o)
 .debug_frame   0x0000000000001400       0x20 C:/ST/STM32CubeIDE_1.14.1/STM32CubeIDE/plugins/com.st.stm32cube.ide.mcu.externaltools.gnu-tools-for-stm32.11.3.rel1.win32_1.1.100.202309141235/tools/bin/../lib/gcc/arm-none-eabi/11.3.1/../../../../arm-none-eabi/lib/thumb/v7-m/nofp\libc_nano.a(libc_a-memset.o)
 .debug_frame   0x0000000000001420       0x38 C:/ST/STM32CubeIDE_1.14.1/STM32CubeIDE/plugins/com.st.stm32cube.ide.mcu.externaltools.gnu-tools-for-stm32.11.3.rel1.win32_1.1.100.202309141235/tools/bin/../lib/gcc/arm-none-eabi/11.3.1/../../../../arm-none-eabi/lib/thumb/v7-m/nofp\libc_nano.a(libc_a-reent.o)
 .debug_frame   0x0000000000001458       0x2c C:/ST/STM32CubeIDE_1.14.1/STM32CubeIDE/plugins/com.st.stm32cube.ide.mcu.externaltools.gnu-tools-for-stm32.11.3.rel1.win32_1.1.100.202309141235/tools/bin/../lib/gcc/arm-none-eabi/11.3.1/../../../../arm-none-eabi/lib/thumb/v7-m/nofp\libc_nano.a(libc_a-sbrkr.o)
 .debug_frame   0x0000000000001484       0x20 C:/ST/STM32CubeIDE_1.14.1/STM32CubeIDE/plugins/com.st.stm32cube.ide.mcu.externaltools.gnu-tools-for-stm32.11.3.rel1.win32_1.1.100.202309141235/tools/bin/../lib/gcc/arm-none-eabi/11.3.1/../../../../arm-none-eabi/lib/thumb/v7-m/nofp\libc_nano.a(libc_a-errno.o)
 .debug_frame   0x00000000000014a4       0x2c C:/ST/STM32CubeIDE_1.14.1/STM32CubeIDE/plugins/com.st.stm32cube.ide.mcu.externaltools.gnu-tools-for-stm32.11.3.rel1.win32_1.1.100.202309141235/tools/bin/../lib/gcc/arm-none-eabi/11.3.1/../../../../arm-none-eabi/lib/thumb/v7-m/nofp\libc_nano.a(libc_a-init.o)
 .debug_frame   0x00000000000014d0       0xb0 C:/ST/STM32CubeIDE_1.14.1/STM32CubeIDE/plugins/com.st.stm32cube.ide.mcu.externaltools.gnu-tools-for-stm32.11.3.rel1.win32_1.1.100.202309141235/tools/bin/../lib/gcc/arm-none-eabi/11.3.1/../../../../arm-none-eabi/lib/thumb/v7-m/nofp\libc_nano.a(libc_a-lock.o)
 .debug_frame   0x0000000000001580       0x38 C:/ST/STM32CubeIDE_1.14.1/STM32CubeIDE/plugins/com.st.stm32cube.ide.mcu.externaltools.gnu-tools-for-stm32.11.3.rel1.win32_1.1.100.202309141235/tools/bin/../lib/gcc/arm-none-eabi/11.3.1/../../../../arm-none-eabi/lib/thumb/v7-m/nofp\libc_nano.a(libc_a-freer.o)

.debug_line_str
                0x0000000000000000       0x44
 .debug_line_str
                0x0000000000000000       0x44 ./Core/Startup/startup_stm32f103c8tx.o
                                         0x5c (size before relaxing)
